PRT1
47
113
4 0 24 (960 0 896 ) (0 0 896 ) (0 0 64 ) (960 0 64 ) 
4 0 15 (0 0 64 ) (0 0 72 ) (0 896 72 ) (0 896 64 ) 
4 0 2 (0 0 72 ) (0 0 384 ) (0 896 384 ) (0 896 72 ) 
4 0 1 (0 0 384 ) (0 0 896 ) (0 896 896 ) (0 896 384 ) 
4 1 31 (-640 0 896 ) (-704 0 896 ) (-704 0 384 ) (-640 0 384 ) 
4 1 28 (-224 0 896 ) (-288 0 896 ) (-288 0 384 ) (-224 0 384 ) 
4 1 30 (-288 0 896 ) (-640 0 896 ) (-640 0 384 ) (-288 0 384 ) 
4 1 26 (-160 0 896 ) (-224 0 896 ) (-224 0 384 ) (-160 0 384 ) 
4 1 25 (0 0 384 ) (0 0 896 ) (-160 0 896 ) (-160 0 384 ) 
4 1 11 (-704 640 384 ) (-704 0 384 ) (-704 0 896 ) (-704 640 896 ) 
4 1 10 (-704 896 576 ) (-704 896 384 ) (-704 640 384 ) (-704 640 576 ) 
4 1 9 (-704 896 896 ) (-704 896 576 ) (-704 640 576 ) (-704 640 896 ) 
4 1 7 (-704 640 384 ) (-704 896 384 ) (-640 896 384 ) (-640 640 384 ) 
4 1 8 (-704 0 384 ) (-704 192 384 ) (-640 192 384 ) (-640 0 384 ) 
4 1 6 (-640 896 384 ) (-288 896 384 ) (-288 0 384 ) (-640 0 384 ) 
4 1 5 (-224 448 384 ) (-224 0 384 ) (-288 0 384 ) (-288 448 384 ) 
4 1 4 (-160 448 384 ) (-160 0 384 ) (-224 0 384 ) (-224 448 384 ) 
4 1 3 (-224 896 384 ) (-160 896 384 ) (-160 448 384 ) (-224 448 384 ) 
4 1 2 (-160 896 384 ) (0 896 384 ) (0 0 384 ) (-160 0 384 ) 
4 2 25 (0 0 72 ) (0 0 384 ) (-160 0 384 ) (-160 0 72 ) 
4 2 15 (0 0 72 ) (-160 0 72 ) (-160 896 72 ) (0 896 72 ) 
4 2 4 (-160 0 256 ) (-160 0 384 ) (-160 448 384 ) (-160 448 256 ) 
4 2 3 (-160 896 72 ) (-160 448 72 ) (-160 448 384 ) (-160 896 384 ) 
4 3 16 (-224 448 72 ) (-224 896 72 ) (-160 896 72 ) (-160 448 72 ) 
4 3 4 (-224 448 384 ) (-224 448 256 ) (-160 448 256 ) (-160 448 384 ) 
4 4 26 (-160 0 384 ) (-224 0 384 ) (-224 0 256 ) (-160 0 256 ) 
4 4 5 (-224 0 256 ) (-224 0 384 ) (-224 448 384 ) (-224 448 256 ) 
4 5 28 (-224 0 384 ) (-288 0 384 ) (-288 0 320 ) (-224 0 320 ) 
4 5 6 (-288 448 72 ) (-288 0 72 ) (-288 0 384 ) (-288 448 384 ) 
4 6 30 (-288 0 384 ) (-640 0 384 ) (-640 0 72 ) (-288 0 72 ) 
4 6 17 (-392 0 72 ) (-524 0 72 ) (-524 896 72 ) (-392 896 72 ) 
4 6 7 (-640 896 72 ) (-640 640 72 ) (-640 640 384 ) (-640 896 384 ) 
4 6 8 (-640 192 72 ) (-640 0 72 ) (-640 0 384 ) (-640 192 384 ) 
4 7 10 (-704 896 384 ) (-704 896 72 ) (-704 640 72 ) (-704 640 384 ) 
4 8 31 (-640 0 384 ) (-704 0 384 ) (-704 0 72 ) (-640 0 72 ) 
4 8 13 (-704 192 72 ) (-704 0 72 ) (-704 0 384 ) (-704 192 384 ) 
4 9 11 (-960 640 896 ) (-960 640 576 ) (-704 640 576 ) (-704 640 896 ) 
4 9 10 (-704 640 576 ) (-896 640 576 ) (-896 896 576 ) (-704 896 576 ) 
4 10 11 (-704 640 384 ) (-704 640 576 ) (-896 640 576 ) (-896 640 384 ) 
4 11 31 (-960 0 896 ) (-960 0 384 ) (-704 0 384 ) (-704 0 896 ) 
4 11 12 (-960 256 384 ) (-960 576 384 ) (-704 576 384 ) (-704 256 384 ) 
4 11 13 (-960 0 384 ) (-960 192 384 ) (-704 192 384 ) (-704 0 384 ) 
4 13 31 (-960 0 384 ) (-960 0 72 ) (-704 0 72 ) (-704 0 384 ) 
4 13 14 (-960 192 72 ) (-960 0 72 ) (-960 0 320 ) (-960 192 320 ) 
4 14 37 (-1024 0 320 ) (-1024 0 72 ) (-960 0 72 ) (-960 0 320 ) 
4 14 23 (-1024 0 72 ) (-1024 0 89.616302 ) (-1024 192 89.616302 ) (-1024 192 72 ) 
4 14 22 (-1024 97.988503 101 ) (-1024 104.071564 101 ) (-1024 104.071564 89.616302 ) (-1024 97.988503 89.616302 ) 
4 14 20 (-1024 104.071564 101 ) (-1024 192 101 ) (-1024 192 89.616302 ) (-1024 104.071564 89.616302 ) 
4 14 19 (-1024 0 89.616302 ) (-1024 0 101 ) (-1024 97.988503 101 ) (-1024 97.988503 89.616302 ) 
4 14 18 (-1024 0 101 ) (-1024 0 320 ) (-1024 192 320 ) (-1024 192 101 ) 
4 15 38 (0 0 64 ) (0 0 72 ) (-160 0 72 ) (-160 0 64 ) 
4 15 16 (-160 448 72 ) (-160 896 72 ) (-160 896 64 ) (-160 448 64 ) 
4 17 40 (-392 0 72 ) (-524 0 72 ) (-524 0 68 ) (-392 0 68 ) 
4 18 41 (-1024 0 101 ) (-1024 0 320 ) (-1280 0 320 ) (-1280 0 101 ) 
4 18 22 (-1024 104.071564 101 ) (-1024 97.988503 101 ) (-1060 31 101 ) (-1064.599976 28.525068 101 ) 
4 18 21 (-1062.469971 26.403915 101 ) (-1076.659546 0 101 ) (-1079.929810 0 101 ) (-1067.069946 23.929121 101 ) 
5 18 20 (-1280 0 101 ) (-1280 192 101 ) (-1024 192 101 ) (-1024 104.071564 101 ) (-1079.929810 0 101 ) 
3 18 19 (-1024 97.988503 101 ) (-1024 0 101 ) (-1076.659546 0 101 ) 
4 19 42 (-1024 0 89.616302 ) (-1024 0 101 ) (-1076.659546 0 101 ) (-1076.659668 0 89.616302 ) 
3 19 23 (-1024 0 89.616302 ) (-1076.659546 0 89.616302 ) (-1024 97.988503 89.616302 ) 
4 19 22 (-1024 97.986404 89.616302 ) (-1059.998413 31 89.616302 ) (-1060.001465 31 101 ) (-1024 97.990265 101 ) 
4 19 21 (-1062.468384 26.404747 89.616302 ) (-1076.658447 0 89.616302 ) (-1076.660645 0 101 ) (-1062.471436 26.403101 101 ) 
4 20 45 (-1099.864136 0 101 ) (-1103.133789 0 101 ) (-1103.133789 0 89.616302 ) (-1099.864136 0 89.616302 ) 
4 20 43 (-1103.133789 0 101 ) (-1280 0 101 ) (-1280 0 89.616302 ) (-1103.133789 0 89.616302 ) 
4 20 42 (-1079.929810 0 101 ) (-1099.864136 0 101 ) (-1099.864136 0 89.616302 ) (-1079.929932 0 89.616302 ) 
5 20 23 (-1079.929810 0 89.616302 ) (-1280 0 89.616302 ) (-1280 192 89.616302 ) (-1024 192 89.616302 ) (-1024 104.071564 89.616302 ) 
4 20 22 (-1064.600220 28.524908 89.616302 ) (-1024 104.072052 89.616302 ) (-1024 104.068619 101 ) (-1064.597778 28.526283 101 ) 
4 20 21 (-1079.930054 0 89.616302 ) (-1067.070190 23.928963 89.616302 ) (-1067.067749 23.930244 101 ) (-1079.928345 0 101 ) 
4 21 42 (-1076.659546 0 101 ) (-1079.929810 0 101 ) (-1079.929932 0 89.616302 ) (-1076.659668 0 89.616302 ) 
4 21 23 (-1076.659546 0 89.616302 ) (-1079.929810 0 89.616302 ) (-1067.069946 23.929121 89.616302 ) (-1062.469971 26.403915 89.616302 ) 
4 22 23 (-1064.599976 28.525068 89.616302 ) (-1024 104.071564 89.616302 ) (-1024 97.988503 89.616302 ) (-1060 31 89.616302 ) 
4 23 46 (-1024 0 72 ) (-1024 0 89.616302 ) (-1280 0 89.616302 ) (-1280 0 72 ) 
4 24 38 (0 0 72 ) (0 0 64 ) (0 -960 64 ) (0 -960 72 ) 
4 24 25 (0 0 896 ) (0 0 72 ) (0 -960 72 ) (0 -960 896 ) 
4 25 38 (0 -960 72 ) (-160 -960 72 ) (-160 0 72 ) (0 0 72 ) 
4 25 27 (-160 -960 256 ) (-160 -960 896 ) (-160 -448 896 ) (-160 -448 256 ) 
4 25 26 (-160 0 72 ) (-160 -448 72 ) (-160 -448 896 ) (-160 0 896 ) 
4 26 39 (-224 -448 72 ) (-224 0 72 ) (-160 0 72 ) (-160 -448 72 ) 
4 26 28 (-224 -448 320 ) (-224 -448 896 ) (-224 0 896 ) (-224 0 320 ) 
4 26 27 (-224 -448 896 ) (-224 -448 256 ) (-160 -448 256 ) (-160 -448 896 ) 
4 27 29 (-224 -960 256 ) (-224 -960 896 ) (-224 -448 896 ) (-224 -448 256 ) 
4 28 29 (-288 -448 896 ) (-288 -448 320 ) (-224 -448 320 ) (-224 -448 896 ) 
4 28 30 (-288 -448 320 ) (-288 -448 896 ) (-288 0 896 ) (-288 0 320 ) 
4 29 30 (-288 -448 72 ) (-288 -960 72 ) (-288 -960 896 ) (-288 -448 896 ) 
4 30 40 (-392 -960 72 ) (-524 -960 72 ) (-524 0 72 ) (-392 0 72 ) 
4 30 35 (-640 -960 256 ) (-640 -960 896 ) (-640 -704 896 ) (-640 -704 256 ) 
4 30 33 (-640 -704 320 ) (-640 -704 896 ) (-640 -256 896 ) (-640 -256 320 ) 
4 30 32 (-640 -256 256 ) (-640 -256 896 ) (-640 -192 896 ) (-640 -192 256 ) 
4 30 31 (-640 0 72 ) (-640 -192 72 ) (-640 -192 896 ) (-640 0 896 ) 
4 31 37 (-960 0 72 ) (-960 -192 72 ) (-960 -192 320 ) (-960 0 320 ) 
4 31 32 (-960 -192 896 ) (-960 -192 256 ) (-640 -192 256 ) (-640 -192 896 ) 
4 32 33 (-640 -256 320 ) (-640 -256 896 ) (-704 -256 896 ) (-704 -256 320 ) 
4 32 34 (-960 -256 896 ) (-960 -256 256 ) (-704 -256 256 ) (-704 -256 896 ) 
4 33 35 (-640 -704 320 ) (-640 -704 896 ) (-704 -704 896 ) (-704 -704 320 ) 
4 33 34 (-704 -256 896 ) (-704 -256 320 ) (-704 -704 320 ) (-704 -704 896 ) 
4 34 36 (-960 -704 896 ) (-960 -704 72 ) (-704 -704 72 ) (-704 -704 896 ) 
4 35 36 (-704 -704 896 ) (-704 -704 256 ) (-704 -960 256 ) (-704 -960 896 ) 
4 37 46 (-1024 0 89.616302 ) (-1024 0 72 ) (-1024 -192 72 ) (-1024 -192 89.616302 ) 
4 37 42 (-1024 0 101 ) (-1024 0 89.616302 ) (-1024 -192 89.616302 ) (-1024 -192 101 ) 
4 37 41 (-1024 0 320 ) (-1024 0 101 ) (-1024 -192 101 ) (-1024 -192 320 ) 
4 38 39 (-160 0 64 ) (-160 -448 64 ) (-160 -448 72 ) (-160 0 72 ) 
4 41 45 (-1113.599976 -19.474880 101 ) (-1103.133789 0 101 ) (-1099.864136 0 101 ) (-1109 -17 101 ) 
4 41 44 (-1203.046021 -192 101 ) (-1206.317993 -192 101 ) (-1116.069946 -24.070892 101 ) (-1111.469971 -21.596104 101 ) 
4 41 43 (-1206.317993 -192 101 ) (-1280 -192 101 ) (-1280 0 101 ) (-1103.133789 0 101 ) 
4 41 42 (-1024 -192 101 ) (-1203.046021 -192 101 ) (-1099.864136 0 101 ) (-1024 0 101 ) 
4 42 46 (-1024 -192 89.616302 ) (-1203.046021 -192 89.616302 ) (-1099.864136 0 89.616302 ) (-1024 0 89.616302 ) 
4 42 45 (-1099.864746 0 89.616302 ) (-1109 -17 89.616302 ) (-1109.001221 -17 101 ) (-1099.864990 0 101 ) 
4 42 44 (-1111.470947 -21.596611 89.616302 ) (-1203.046875 -192 89.616302 ) (-1203.046875 -192 101 ) (-1111.471191 -21.596786 101 ) 
4 43 46 (-1206.317993 -192 89.616302 ) (-1280 -192 89.616302 ) (-1280 0 89.616302 ) (-1103.133789 0 89.616302 ) 
4 43 45 (-1113.597778 -19.473751 89.616302 ) (-1103.132324 0 89.616302 ) (-1103.134766 0 101 ) (-1113.601196 -19.475533 101 ) 
4 43 44 (-1206.316406 -192 89.616302 ) (-1116.067749 -24.069702 89.616302 ) (-1116.071167 -24.071514 101 ) (-1206.318359 -192 101 ) 
4 44 46 (-1203.046021 -192 89.616302 ) (-1206.317993 -192 89.616302 ) (-1116.069946 -24.070892 89.616302 ) (-1111.469971 -21.596104 89.616302 ) 
4 45 46 (-1113.599976 -19.474880 89.616302 ) (-1103.133789 0 89.616302 ) (-1099.864136 0 89.616302 ) (-1109 -17 89.616302 ) 
